<!DOCTYPE html>
<html lang="en">
<head>
    <meta http-equiv="Content-Type" content="text/html; charset=UTF-8" />
</head>
<body>
    <script src="file1.js"></script>
    <script src="file2.js"></script>
</body>
</html>
