<!DOCTYPE html>
<html lang="en">
<head>
    <meta http-equiv="Content-Type" content="text/html; charset=UTF-8" />
    <link rel="stylesheet" href="css/file1.css" />
    <link rel="stylesheet" href="css/file2.css" />
</head>
<body>
</body>
</html>
